components/VideoPlayer.tsx(726,9): error TS2451: Cannot redeclare block-scoped variable 'handleSubtitleUpload'.
components/VideoPlayer.tsx(967,9): error TS2451: Cannot redeclare block-scoped variable 'handleSubtitleUpload'.
